// Jest Snapshot v1, https://goo.gl/fbAQLP

exports[`album match the snapshot 1`] = `
<h5
  className="Album"
>
  
  ) 
  
</h5>
`;
